[2022-11-03  23:31:58.290] logger.py -> <module> line:53 [INFO] : info
[2022-11-03  23:31:58.290] logger.py -> <module> line:54 [WARNING] : warning
[2022-11-03  23:31:58.290] logger.py -> <module> line:55 [ERROR] : error
[2022-11-03  23:31:58.290] logger.py -> <module> line:56 [CRITICAL] : critical
